// Vitest Snapshot v1, https://vitest.dev/guide/snapshot.html

exports[`getArgs > valid version > 1.1.308 dashes > core.getInput 1`] = `
[
  [
    "create-stub",
  ],
  [
    "dependencies",
  ],
  [
    "extra-args",
  ],
  [
    "ignore-external",
  ],
  [
    "level",
  ],
  [
    "lib",
  ],
  [
    "no-comments",
  ],
  [
    "project",
  ],
  [
    "python-path",
  ],
  [
    "python-platform",
  ],
  [
    "python-version",
  ],
  [
    "skip-unannotated",
  ],
  [
    "stats",
  ],
  [
    "typeshed-path",
  ],
  [
    "venv-path",
  ],
  [
    "verbose",
  ],
  [
    "verify-types",
  ],
  [
    "version",
  ],
  [
    "warnings",
  ],
  [
    "working-directory",
  ],
]
`;

exports[`getArgs > valid version > 1.1.308 dashes > result 1`] = `
{
  "args": [
    "<TEMP_DIR>/rootDir/cached/pyright/package/index.js",
    "--typeshed-path",
    "/path/to/typeshed",
    "--venv-path",
    "/path/to-venv",
  ],
  "noComments": false,
  "pyrightVersion": "1.1.308",
  "workingDirectory": "",
}
`;

exports[`getArgs > valid version > 1.1.308 dashes > tc.cacheDir 1`] = `
[
  [
    "<TEMP_DIR>/rootDir/pyright",
    "pyright",
    "1.1.308",
  ],
]
`;

exports[`getArgs > valid version > 1.1.308 dashes > tc.downloadTool 1`] = `
[
  [
    "https://registry.npmjs.org/pyright/-/pyright-1.1.308.tgz",
  ],
]
`;

exports[`getArgs > valid version > 1.1.308 dashes > tc.extractTar 1`] = `
[
  [
    "<TEMP_DIR>/rootDir/pyright.tar.gz",
  ],
]
`;

exports[`getArgs > valid version > 1.1.308 dashes > tc.find 1`] = `
[
  [
    "pyright",
    "1.1.308",
  ],
]
`;

exports[`getArgs > valid version > 1.1.309 dashes > core.getInput 1`] = `
[
  [
    "create-stub",
  ],
  [
    "dependencies",
  ],
  [
    "extra-args",
  ],
  [
    "ignore-external",
  ],
  [
    "level",
  ],
  [
    "lib",
  ],
  [
    "no-comments",
  ],
  [
    "project",
  ],
  [
    "python-path",
  ],
  [
    "python-platform",
  ],
  [
    "python-version",
  ],
  [
    "skip-unannotated",
  ],
  [
    "stats",
  ],
  [
    "typeshed-path",
  ],
  [
    "venv-path",
  ],
  [
    "verbose",
  ],
  [
    "verify-types",
  ],
  [
    "version",
  ],
  [
    "warnings",
  ],
  [
    "working-directory",
  ],
]
`;

exports[`getArgs > valid version > 1.1.309 dashes > result 1`] = `
{
  "args": [
    "<TEMP_DIR>/rootDir/cached/pyright/package/index.js",
    "--typeshedpath",
    "/path/to/typeshed",
    "--venvpath",
    "/path/to-venv",
  ],
  "noComments": false,
  "pyrightVersion": "1.1.309",
  "workingDirectory": "",
}
`;

exports[`getArgs > valid version > 1.1.309 dashes > tc.cacheDir 1`] = `
[
  [
    "<TEMP_DIR>/rootDir/pyright",
    "pyright",
    "1.1.309",
  ],
]
`;

exports[`getArgs > valid version > 1.1.309 dashes > tc.downloadTool 1`] = `
[
  [
    "https://registry.npmjs.org/pyright/-/pyright-1.1.309.tgz",
  ],
]
`;

exports[`getArgs > valid version > 1.1.309 dashes > tc.extractTar 1`] = `
[
  [
    "<TEMP_DIR>/rootDir/pyright.tar.gz",
  ],
]
`;

exports[`getArgs > valid version > 1.1.309 dashes > tc.find 1`] = `
[
  [
    "pyright",
    "1.1.309",
  ],
]
`;

exports[`getArgs > valid version > 1.1.310 dashes > core.getInput 1`] = `
[
  [
    "create-stub",
  ],
  [
    "dependencies",
  ],
  [
    "extra-args",
  ],
  [
    "ignore-external",
  ],
  [
    "level",
  ],
  [
    "lib",
  ],
  [
    "no-comments",
  ],
  [
    "project",
  ],
  [
    "python-path",
  ],
  [
    "python-platform",
  ],
  [
    "python-version",
  ],
  [
    "skip-unannotated",
  ],
  [
    "stats",
  ],
  [
    "typeshed-path",
  ],
  [
    "venv-path",
  ],
  [
    "verbose",
  ],
  [
    "verify-types",
  ],
  [
    "version",
  ],
  [
    "warnings",
  ],
  [
    "working-directory",
  ],
]
`;

exports[`getArgs > valid version > 1.1.310 dashes > result 1`] = `
{
  "args": [
    "<TEMP_DIR>/rootDir/cached/pyright/package/index.js",
    "--typeshedpath",
    "/path/to/typeshed",
    "--venvpath",
    "/path/to-venv",
  ],
  "noComments": false,
  "pyrightVersion": "1.1.310",
  "workingDirectory": "",
}
`;

exports[`getArgs > valid version > 1.1.310 dashes > tc.cacheDir 1`] = `
[
  [
    "<TEMP_DIR>/rootDir/pyright",
    "pyright",
    "1.1.310",
  ],
]
`;

exports[`getArgs > valid version > 1.1.310 dashes > tc.downloadTool 1`] = `
[
  [
    "https://registry.npmjs.org/pyright/-/pyright-1.1.310.tgz",
  ],
]
`;

exports[`getArgs > valid version > 1.1.310 dashes > tc.extractTar 1`] = `
[
  [
    "<TEMP_DIR>/rootDir/pyright.tar.gz",
  ],
]
`;

exports[`getArgs > valid version > 1.1.310 dashes > tc.find 1`] = `
[
  [
    "pyright",
    "1.1.310",
  ],
]
`;

exports[`getArgs > valid version > cached > core.getInput 1`] = `
[
  [
    "create-stub",
  ],
  [
    "dependencies",
  ],
  [
    "extra-args",
  ],
  [
    "ignore-external",
  ],
  [
    "level",
  ],
  [
    "lib",
  ],
  [
    "no-comments",
  ],
  [
    "project",
  ],
  [
    "pylance-version",
  ],
  [
    "python-path",
  ],
  [
    "python-platform",
  ],
  [
    "python-version",
  ],
  [
    "skip-unannotated",
  ],
  [
    "stats",
  ],
  [
    "typeshed-path",
  ],
  [
    "venv-path",
  ],
  [
    "verbose",
  ],
  [
    "verify-types",
  ],
  [
    "version",
  ],
  [
    "warnings",
  ],
  [
    "working-directory",
  ],
]
`;

exports[`getArgs > valid version > cached > result 1`] = `
{
  "args": [
    "<TEMP_DIR>/rootDir/cached/pyright/package/index.js",
  ],
  "noComments": false,
  "pyrightVersion": "1.1.240",
  "workingDirectory": "",
}
`;

exports[`getArgs > valid version > cached > tc.cacheDir 1`] = `[]`;

exports[`getArgs > valid version > cached > tc.downloadTool 1`] = `[]`;

exports[`getArgs > valid version > cached > tc.extractTar 1`] = `[]`;

exports[`getArgs > valid version > cached > tc.find 1`] = `
[
  [
    "pyright",
    "1.1.240",
  ],
]
`;

exports[`getArgs > valid version > createstub > core.getInput 1`] = `
[
  [
    "create-stub",
  ],
  [
    "dependencies",
  ],
  [
    "extra-args",
  ],
  [
    "ignore-external",
  ],
  [
    "level",
  ],
  [
    "lib",
  ],
  [
    "no-comments",
  ],
  [
    "project",
  ],
  [
    "pylance-version",
  ],
  [
    "python-path",
  ],
  [
    "python-platform",
  ],
  [
    "python-version",
  ],
  [
    "skip-unannotated",
  ],
  [
    "stats",
  ],
  [
    "typeshed-path",
  ],
  [
    "venv-path",
  ],
  [
    "verbose",
  ],
  [
    "verify-types",
  ],
  [
    "version",
  ],
  [
    "warnings",
  ],
  [
    "working-directory",
  ],
]
`;

exports[`getArgs > valid version > createstub > result 1`] = `
{
  "args": [
    "<TEMP_DIR>/rootDir/cached/pyright/package/index.js",
    "--createstub",
    "pygame",
  ],
  "noComments": true,
  "pyrightVersion": "1.1.240",
  "workingDirectory": "",
}
`;

exports[`getArgs > valid version > createstub > tc.cacheDir 1`] = `
[
  [
    "<TEMP_DIR>/rootDir/pyright",
    "pyright",
    "1.1.240",
  ],
]
`;

exports[`getArgs > valid version > createstub > tc.downloadTool 1`] = `
[
  [
    "https://registry.npmjs.org/pyright/-/pyright-1.1.240.tgz",
  ],
]
`;

exports[`getArgs > valid version > createstub > tc.extractTar 1`] = `
[
  [
    "<TEMP_DIR>/rootDir/pyright.tar.gz",
  ],
]
`;

exports[`getArgs > valid version > createstub > tc.find 1`] = `
[
  [
    "pyright",
    "1.1.240",
  ],
]
`;

exports[`getArgs > valid version > dependencies > core.getInput 1`] = `
[
  [
    "create-stub",
  ],
  [
    "dependencies",
  ],
  [
    "extra-args",
  ],
  [
    "ignore-external",
  ],
  [
    "level",
  ],
  [
    "lib",
  ],
  [
    "no-comments",
  ],
  [
    "project",
  ],
  [
    "pylance-version",
  ],
  [
    "python-path",
  ],
  [
    "python-platform",
  ],
  [
    "python-version",
  ],
  [
    "skip-unannotated",
  ],
  [
    "stats",
  ],
  [
    "typeshed-path",
  ],
  [
    "venv-path",
  ],
  [
    "verbose",
  ],
  [
    "verify-types",
  ],
  [
    "version",
  ],
  [
    "warnings",
  ],
  [
    "working-directory",
  ],
]
`;

exports[`getArgs > valid version > dependencies > result 1`] = `
{
  "args": [
    "<TEMP_DIR>/rootDir/cached/pyright/package/index.js",
    "--dependencies",
    "TRUE",
  ],
  "noComments": true,
  "pyrightVersion": "1.1.240",
  "workingDirectory": "",
}
`;

exports[`getArgs > valid version > dependencies > tc.cacheDir 1`] = `
[
  [
    "<TEMP_DIR>/rootDir/pyright",
    "pyright",
    "1.1.240",
  ],
]
`;

exports[`getArgs > valid version > dependencies > tc.downloadTool 1`] = `
[
  [
    "https://registry.npmjs.org/pyright/-/pyright-1.1.240.tgz",
  ],
]
`;

exports[`getArgs > valid version > dependencies > tc.extractTar 1`] = `
[
  [
    "<TEMP_DIR>/rootDir/pyright.tar.gz",
  ],
]
`;

exports[`getArgs > valid version > dependencies > tc.find 1`] = `
[
  [
    "pyright",
    "1.1.240",
  ],
]
`;

exports[`getArgs > valid version > extra-args malformed > core.getInput 1`] = `
[
  [
    "create-stub",
  ],
  [
    "dependencies",
  ],
  [
    "extra-args",
  ],
  [
    "ignore-external",
  ],
  [
    "level",
  ],
  [
    "lib",
  ],
  [
    "project",
  ],
  [
    "pylance-version",
  ],
  [
    "python-path",
  ],
  [
    "python-platform",
  ],
  [
    "python-version",
  ],
  [
    "skip-unannotated",
  ],
  [
    "stats",
  ],
  [
    "typeshed-path",
  ],
  [
    "venv-path",
  ],
  [
    "verbose",
  ],
  [
    "verify-types",
  ],
  [
    "version",
  ],
  [
    "warnings",
  ],
  [
    "working-directory",
  ],
]
`;

exports[`getArgs > valid version > extra-args malformed > tc.cacheDir 1`] = `
[
  [
    "<TEMP_DIR>/rootDir/pyright",
    "pyright",
    "1.1.240",
  ],
]
`;

exports[`getArgs > valid version > extra-args malformed > tc.downloadTool 1`] = `
[
  [
    "https://registry.npmjs.org/pyright/-/pyright-1.1.240.tgz",
  ],
]
`;

exports[`getArgs > valid version > extra-args malformed > tc.extractTar 1`] = `
[
  [
    "<TEMP_DIR>/rootDir/pyright.tar.gz",
  ],
]
`;

exports[`getArgs > valid version > extra-args malformed > tc.find 1`] = `
[
  [
    "pyright",
    "1.1.240",
  ],
]
`;

exports[`getArgs > valid version > extra-args quotes > core.getInput 1`] = `
[
  [
    "create-stub",
  ],
  [
    "dependencies",
  ],
  [
    "extra-args",
  ],
  [
    "ignore-external",
  ],
  [
    "level",
  ],
  [
    "lib",
  ],
  [
    "no-comments",
  ],
  [
    "project",
  ],
  [
    "pylance-version",
  ],
  [
    "python-path",
  ],
  [
    "python-platform",
  ],
  [
    "python-version",
  ],
  [
    "skip-unannotated",
  ],
  [
    "stats",
  ],
  [
    "typeshed-path",
  ],
  [
    "venv-path",
  ],
  [
    "verbose",
  ],
  [
    "verify-types",
  ],
  [
    "version",
  ],
  [
    "warnings",
  ],
  [
    "working-directory",
  ],
]
`;

exports[`getArgs > valid version > extra-args quotes > result 1`] = `
{
  "args": [
    "<TEMP_DIR>/rootDir/cached/pyright/package/index.js",
    "--foo",
    "--bar",
    "--baz=quoted value",
  ],
  "noComments": false,
  "pyrightVersion": "1.1.240",
  "workingDirectory": "",
}
`;

exports[`getArgs > valid version > extra-args quotes > tc.cacheDir 1`] = `
[
  [
    "<TEMP_DIR>/rootDir/pyright",
    "pyright",
    "1.1.240",
  ],
]
`;

exports[`getArgs > valid version > extra-args quotes > tc.downloadTool 1`] = `
[
  [
    "https://registry.npmjs.org/pyright/-/pyright-1.1.240.tgz",
  ],
]
`;

exports[`getArgs > valid version > extra-args quotes > tc.extractTar 1`] = `
[
  [
    "<TEMP_DIR>/rootDir/pyright.tar.gz",
  ],
]
`;

exports[`getArgs > valid version > extra-args quotes > tc.find 1`] = `
[
  [
    "pyright",
    "1.1.240",
  ],
]
`;

exports[`getArgs > valid version > many options > core.getInput 1`] = `
[
  [
    "create-stub",
  ],
  [
    "dependencies",
  ],
  [
    "extra-args",
  ],
  [
    "ignore-external",
  ],
  [
    "level",
  ],
  [
    "lib",
  ],
  [
    "no-comments",
  ],
  [
    "project",
  ],
  [
    "pylance-version",
  ],
  [
    "python-path",
  ],
  [
    "python-platform",
  ],
  [
    "python-version",
  ],
  [
    "skip-unannotated",
  ],
  [
    "stats",
  ],
  [
    "typeshed-path",
  ],
  [
    "venv-path",
  ],
  [
    "verbose",
  ],
  [
    "verify-types",
  ],
  [
    "version",
  ],
  [
    "warnings",
  ],
  [
    "working-directory",
  ],
]
`;

exports[`getArgs > valid version > many options > result 1`] = `
{
  "args": [
    "<TEMP_DIR>/rootDir/cached/pyright/package/index.js",
    "--level",
    "warning",
    "--project",
    "/path/to/pyrightconfig.json",
    "--pythonplatform",
    "Linux",
    "--pythonpath",
    "/path/to/python",
    "--pythonversion",
    "3.9",
    "--typeshed-path",
    "/path/to/typeshed",
    "--venv-path",
    "/path/to-venv",
    "--warnings",
    "--lib",
    "--foo",
    "--bar",
    "--baz",
  ],
  "noComments": false,
  "pyrightVersion": "1.1.240",
  "workingDirectory": "/path/to/project",
}
`;

exports[`getArgs > valid version > many options > tc.cacheDir 1`] = `
[
  [
    "<TEMP_DIR>/rootDir/pyright",
    "pyright",
    "1.1.240",
  ],
]
`;

exports[`getArgs > valid version > many options > tc.downloadTool 1`] = `
[
  [
    "https://registry.npmjs.org/pyright/-/pyright-1.1.240.tgz",
  ],
]
`;

exports[`getArgs > valid version > many options > tc.extractTar 1`] = `
[
  [
    "<TEMP_DIR>/rootDir/pyright.tar.gz",
  ],
]
`;

exports[`getArgs > valid version > many options > tc.find 1`] = `
[
  [
    "pyright",
    "1.1.240",
  ],
]
`;

exports[`getArgs > valid version > no comments > core.getInput 1`] = `
[
  [
    "create-stub",
  ],
  [
    "dependencies",
  ],
  [
    "extra-args",
  ],
  [
    "ignore-external",
  ],
  [
    "level",
  ],
  [
    "lib",
  ],
  [
    "no-comments",
  ],
  [
    "project",
  ],
  [
    "pylance-version",
  ],
  [
    "python-path",
  ],
  [
    "python-platform",
  ],
  [
    "python-version",
  ],
  [
    "skip-unannotated",
  ],
  [
    "stats",
  ],
  [
    "typeshed-path",
  ],
  [
    "venv-path",
  ],
  [
    "verbose",
  ],
  [
    "verify-types",
  ],
  [
    "version",
  ],
  [
    "warnings",
  ],
  [
    "working-directory",
  ],
]
`;

exports[`getArgs > valid version > no comments > result 1`] = `
{
  "args": [
    "<TEMP_DIR>/rootDir/cached/pyright/package/index.js",
  ],
  "noComments": true,
  "pyrightVersion": "1.1.240",
  "workingDirectory": "",
}
`;

exports[`getArgs > valid version > no comments > tc.cacheDir 1`] = `
[
  [
    "<TEMP_DIR>/rootDir/pyright",
    "pyright",
    "1.1.240",
  ],
]
`;

exports[`getArgs > valid version > no comments > tc.downloadTool 1`] = `
[
  [
    "https://registry.npmjs.org/pyright/-/pyright-1.1.240.tgz",
  ],
]
`;

exports[`getArgs > valid version > no comments > tc.extractTar 1`] = `
[
  [
    "<TEMP_DIR>/rootDir/pyright.tar.gz",
  ],
]
`;

exports[`getArgs > valid version > no comments > tc.find 1`] = `
[
  [
    "pyright",
    "1.1.240",
  ],
]
`;

exports[`getArgs > valid version > skip-unannotated > core.getInput 1`] = `
[
  [
    "create-stub",
  ],
  [
    "dependencies",
  ],
  [
    "extra-args",
  ],
  [
    "ignore-external",
  ],
  [
    "level",
  ],
  [
    "lib",
  ],
  [
    "no-comments",
  ],
  [
    "project",
  ],
  [
    "pylance-version",
  ],
  [
    "python-path",
  ],
  [
    "python-platform",
  ],
  [
    "python-version",
  ],
  [
    "skip-unannotated",
  ],
  [
    "stats",
  ],
  [
    "typeshed-path",
  ],
  [
    "venv-path",
  ],
  [
    "verbose",
  ],
  [
    "verify-types",
  ],
  [
    "version",
  ],
  [
    "warnings",
  ],
  [
    "working-directory",
  ],
]
`;

exports[`getArgs > valid version > skip-unannotated > result 1`] = `
{
  "args": [
    "<TEMP_DIR>/rootDir/cached/pyright/package/index.js",
    "--skipunannotated",
    "TRUE",
  ],
  "noComments": false,
  "pyrightVersion": "1.1.240",
  "workingDirectory": "",
}
`;

exports[`getArgs > valid version > skip-unannotated > tc.cacheDir 1`] = `
[
  [
    "<TEMP_DIR>/rootDir/pyright",
    "pyright",
    "1.1.240",
  ],
]
`;

exports[`getArgs > valid version > skip-unannotated > tc.downloadTool 1`] = `
[
  [
    "https://registry.npmjs.org/pyright/-/pyright-1.1.240.tgz",
  ],
]
`;

exports[`getArgs > valid version > skip-unannotated > tc.extractTar 1`] = `
[
  [
    "<TEMP_DIR>/rootDir/pyright.tar.gz",
  ],
]
`;

exports[`getArgs > valid version > skip-unannotated > tc.find 1`] = `
[
  [
    "pyright",
    "1.1.240",
  ],
]
`;

exports[`getArgs > valid version > stats > core.getInput 1`] = `
[
  [
    "create-stub",
  ],
  [
    "dependencies",
  ],
  [
    "extra-args",
  ],
  [
    "ignore-external",
  ],
  [
    "level",
  ],
  [
    "lib",
  ],
  [
    "no-comments",
  ],
  [
    "project",
  ],
  [
    "pylance-version",
  ],
  [
    "python-path",
  ],
  [
    "python-platform",
  ],
  [
    "python-version",
  ],
  [
    "skip-unannotated",
  ],
  [
    "stats",
  ],
  [
    "typeshed-path",
  ],
  [
    "venv-path",
  ],
  [
    "verbose",
  ],
  [
    "verify-types",
  ],
  [
    "version",
  ],
  [
    "warnings",
  ],
  [
    "working-directory",
  ],
]
`;

exports[`getArgs > valid version > stats > result 1`] = `
{
  "args": [
    "<TEMP_DIR>/rootDir/cached/pyright/package/index.js",
    "--stats",
  ],
  "noComments": true,
  "pyrightVersion": "1.1.240",
  "workingDirectory": "",
}
`;

exports[`getArgs > valid version > stats > tc.cacheDir 1`] = `
[
  [
    "<TEMP_DIR>/rootDir/pyright",
    "pyright",
    "1.1.240",
  ],
]
`;

exports[`getArgs > valid version > stats > tc.downloadTool 1`] = `
[
  [
    "https://registry.npmjs.org/pyright/-/pyright-1.1.240.tgz",
  ],
]
`;

exports[`getArgs > valid version > stats > tc.extractTar 1`] = `
[
  [
    "<TEMP_DIR>/rootDir/pyright.tar.gz",
  ],
]
`;

exports[`getArgs > valid version > stats > tc.find 1`] = `
[
  [
    "pyright",
    "1.1.240",
  ],
]
`;

exports[`getArgs > valid version > verbose > core.getInput 1`] = `
[
  [
    "create-stub",
  ],
  [
    "dependencies",
  ],
  [
    "extra-args",
  ],
  [
    "ignore-external",
  ],
  [
    "level",
  ],
  [
    "lib",
  ],
  [
    "no-comments",
  ],
  [
    "project",
  ],
  [
    "pylance-version",
  ],
  [
    "python-path",
  ],
  [
    "python-platform",
  ],
  [
    "python-version",
  ],
  [
    "skip-unannotated",
  ],
  [
    "stats",
  ],
  [
    "typeshed-path",
  ],
  [
    "venv-path",
  ],
  [
    "verbose",
  ],
  [
    "verify-types",
  ],
  [
    "version",
  ],
  [
    "warnings",
  ],
  [
    "working-directory",
  ],
]
`;

exports[`getArgs > valid version > verbose > result 1`] = `
{
  "args": [
    "<TEMP_DIR>/rootDir/cached/pyright/package/index.js",
    "--lib",
  ],
  "noComments": false,
  "pyrightVersion": "1.1.240",
  "workingDirectory": "",
}
`;

exports[`getArgs > valid version > verbose > tc.cacheDir 1`] = `
[
  [
    "<TEMP_DIR>/rootDir/pyright",
    "pyright",
    "1.1.240",
  ],
]
`;

exports[`getArgs > valid version > verbose > tc.downloadTool 1`] = `
[
  [
    "https://registry.npmjs.org/pyright/-/pyright-1.1.240.tgz",
  ],
]
`;

exports[`getArgs > valid version > verbose > tc.extractTar 1`] = `
[
  [
    "<TEMP_DIR>/rootDir/pyright.tar.gz",
  ],
]
`;

exports[`getArgs > valid version > verbose > tc.find 1`] = `
[
  [
    "pyright",
    "1.1.240",
  ],
]
`;

exports[`getArgs > valid version > verbose flag > core.getInput 1`] = `
[
  [
    "create-stub",
  ],
  [
    "dependencies",
  ],
  [
    "extra-args",
  ],
  [
    "ignore-external",
  ],
  [
    "level",
  ],
  [
    "lib",
  ],
  [
    "no-comments",
  ],
  [
    "project",
  ],
  [
    "pylance-version",
  ],
  [
    "python-path",
  ],
  [
    "python-platform",
  ],
  [
    "python-version",
  ],
  [
    "skip-unannotated",
  ],
  [
    "stats",
  ],
  [
    "typeshed-path",
  ],
  [
    "venv-path",
  ],
  [
    "verbose",
  ],
  [
    "verify-types",
  ],
  [
    "version",
  ],
  [
    "warnings",
  ],
  [
    "working-directory",
  ],
]
`;

exports[`getArgs > valid version > verbose flag > result 1`] = `
{
  "args": [
    "<TEMP_DIR>/rootDir/cached/pyright/package/index.js",
    "--verbose",
  ],
  "noComments": true,
  "pyrightVersion": "1.1.240",
  "workingDirectory": "",
}
`;

exports[`getArgs > valid version > verbose flag > tc.cacheDir 1`] = `
[
  [
    "<TEMP_DIR>/rootDir/pyright",
    "pyright",
    "1.1.240",
  ],
]
`;

exports[`getArgs > valid version > verbose flag > tc.downloadTool 1`] = `
[
  [
    "https://registry.npmjs.org/pyright/-/pyright-1.1.240.tgz",
  ],
]
`;

exports[`getArgs > valid version > verbose flag > tc.extractTar 1`] = `
[
  [
    "<TEMP_DIR>/rootDir/pyright.tar.gz",
  ],
]
`;

exports[`getArgs > valid version > verbose flag > tc.find 1`] = `
[
  [
    "pyright",
    "1.1.240",
  ],
]
`;

exports[`getArgs > valid version > verifytypes > core.getInput 1`] = `
[
  [
    "create-stub",
  ],
  [
    "dependencies",
  ],
  [
    "extra-args",
  ],
  [
    "ignore-external",
  ],
  [
    "level",
  ],
  [
    "lib",
  ],
  [
    "no-comments",
  ],
  [
    "project",
  ],
  [
    "pylance-version",
  ],
  [
    "python-path",
  ],
  [
    "python-platform",
  ],
  [
    "python-version",
  ],
  [
    "skip-unannotated",
  ],
  [
    "stats",
  ],
  [
    "typeshed-path",
  ],
  [
    "venv-path",
  ],
  [
    "verbose",
  ],
  [
    "verify-types",
  ],
  [
    "version",
  ],
  [
    "warnings",
  ],
  [
    "working-directory",
  ],
]
`;

exports[`getArgs > valid version > verifytypes > result 1`] = `
{
  "args": [
    "<TEMP_DIR>/rootDir/cached/pyright/package/index.js",
    "--ignoreexternal",
    "--verifytypes",
    "some.package",
  ],
  "noComments": true,
  "pyrightVersion": "1.1.240",
  "workingDirectory": "",
}
`;

exports[`getArgs > valid version > verifytypes > tc.cacheDir 1`] = `
[
  [
    "<TEMP_DIR>/rootDir/pyright",
    "pyright",
    "1.1.240",
  ],
]
`;

exports[`getArgs > valid version > verifytypes > tc.downloadTool 1`] = `
[
  [
    "https://registry.npmjs.org/pyright/-/pyright-1.1.240.tgz",
  ],
]
`;

exports[`getArgs > valid version > verifytypes > tc.extractTar 1`] = `
[
  [
    "<TEMP_DIR>/rootDir/pyright.tar.gz",
  ],
]
`;

exports[`getArgs > valid version > verifytypes > tc.find 1`] = `
[
  [
    "pyright",
    "1.1.240",
  ],
]
`;

exports[`getArgs > valid version > verifytypes flag > core.getInput 1`] = `
[
  [
    "create-stub",
  ],
  [
    "dependencies",
  ],
  [
    "extra-args",
  ],
  [
    "ignore-external",
  ],
  [
    "level",
  ],
  [
    "lib",
  ],
  [
    "no-comments",
  ],
  [
    "project",
  ],
  [
    "pylance-version",
  ],
  [
    "python-path",
  ],
  [
    "python-platform",
  ],
  [
    "python-version",
  ],
  [
    "skip-unannotated",
  ],
  [
    "stats",
  ],
  [
    "typeshed-path",
  ],
  [
    "venv-path",
  ],
  [
    "verbose",
  ],
  [
    "verify-types",
  ],
  [
    "version",
  ],
  [
    "warnings",
  ],
  [
    "working-directory",
  ],
]
`;

exports[`getArgs > valid version > verifytypes flag > result 1`] = `
{
  "args": [
    "<TEMP_DIR>/rootDir/cached/pyright/package/index.js",
    "--verifytypes",
  ],
  "noComments": true,
  "pyrightVersion": "1.1.240",
  "workingDirectory": "",
}
`;

exports[`getArgs > valid version > verifytypes flag > tc.cacheDir 1`] = `
[
  [
    "<TEMP_DIR>/rootDir/pyright",
    "pyright",
    "1.1.240",
  ],
]
`;

exports[`getArgs > valid version > verifytypes flag > tc.downloadTool 1`] = `
[
  [
    "https://registry.npmjs.org/pyright/-/pyright-1.1.240.tgz",
  ],
]
`;

exports[`getArgs > valid version > verifytypes flag > tc.extractTar 1`] = `
[
  [
    "<TEMP_DIR>/rootDir/pyright.tar.gz",
  ],
]
`;

exports[`getArgs > valid version > verifytypes flag > tc.find 1`] = `
[
  [
    "pyright",
    "1.1.240",
  ],
]
`;

exports[`getArgs > valid version > version not found > core.getInput 1`] = `
[
  [
    "version",
  ],
]
`;

exports[`getArgs > valid version > version not found > tc.cacheDir 1`] = `[]`;

exports[`getArgs > valid version > version not found > tc.downloadTool 1`] = `[]`;

exports[`getArgs > valid version > version not found > tc.extractTar 1`] = `[]`;

exports[`getArgs > valid version > version not found > tc.find 1`] = `[]`;
