// Vitest Snapshot v1, https://vitest.dev/guide/snapshot.html

exports[`parseNpmRegistryResponse > good > response 1`] = `
{
  "dist": {
    "tarball": "https://registry.npmjs.org/pyright/-/pyright-1.1.245.tgz",
  },
  "version": "1.1.245",
}
`;

exports[`parseReport > good > report 1`] = `
{
  "generalDiagnostics": [
    {
      "file": "/home/jake/work/python/typeshed/stubs/cryptography/cryptography/x509/__init__.pyi",
      "message": ""X509Backend" is unknown import symbol",
      "range": {
        "end": {
          "character": 63,
          "line": 8,
        },
        "start": {
          "character": 52,
          "line": 8,
        },
      },
      "rule": "reportGeneralTypeIssues",
      "severity": "error",
    },
  ],
  "summary": {
    "errorCount": 1,
    "filesAnalyzed": 2704,
    "informationCount": 0,
    "timeInSec": 7.342,
    "warningCount": 0,
  },
}
`;
